
##### Bloque 10/12: C4 R3  (12:22:10)
============================================================
 E8 - bloque C4_R3  (prefijo E8-C4-R3-)
============================================================
  [OK] contenedores, credencial y corpus (150 mensajes)

=== Condici¢n C4 (md5 esperado 32c29bb6f042aac16f1813724c65b474) ===
C4 md5 32c29bb6f042aac16f1813724c65b474 -> C:\Users\santiago\AppData\Local\Temp\e8_2026-09-15_12-22-11\wf.json
  importado y publicado; reiniciando n8n...
  [OK] versi¢n activa con el prompt de C4 y webhook registrado

=== Env¡o ===
  [ 25/150] HTTP 200  65 ms
  [ 50/150] HTTP 200  62 ms
  [ 75/150] HTTP 200  76 ms
  [100/150] HTTP 200  62 ms
  [125/150] HTTP 200  64 ms
  [150/150] HTTP 200  64 ms

=== Conciliaci¢n ===
  HTTP 200 ............ 150 de 150
  filas en interactions 150
  ejecuciones ......... 150 (‚xito 150; con el prompt de C4 150; con otro prompt 0)
  errores ............. 0 (fuera de vocabulario 0; otros 0)

  Bloque C4_R3 v lido.

##### Bloque 11/12: C2 R3  (12:25:23)
============================================================
 E8 - bloque C2_R3  (prefijo E8-C2-R3-)
============================================================
  [OK] contenedores, credencial y corpus (150 mensajes)

=== Condici¢n C2 (md5 esperado 64f3a3ab58dca4c1096e9c4c7f4d3a3c) ===
C2 md5 64f3a3ab58dca4c1096e9c4c7f4d3a3c -> C:\Users\santiago\AppData\Local\Temp\e8_2026-09-15_12-25-23\wf.json
  importado y publicado; reiniciando n8n...
  [OK] versi¢n activa con el prompt de C2 y webhook registrado

=== Env¡o ===
  [ 25/150] HTTP 200  64 ms
  [ 50/150] HTTP 200  64 ms
  [ 75/150] HTTP 200  63 ms
  [100/150] HTTP 200  63 ms
  [125/150] HTTP 200  66 ms
  [150/150] HTTP 200  65 ms

=== Conciliaci¢n ===
  HTTP 200 ............ 150 de 150
  filas en interactions 150
  ejecuciones ......... 150 (‚xito 150; con el prompt de C2 150; con otro prompt 0)
  errores ............. 0 (fuera de vocabulario 0; otros 0)

  Bloque C2_R3 v lido.

##### Bloque 12/12: C1 R3  (12:28:36)
============================================================
 E8 - bloque C1_R3  (prefijo E8-C1-R3-)
============================================================
  [OK] contenedores, credencial y corpus (150 mensajes)

=== Condici¢n C1 (md5 esperado c11c2fe1cdd4f5c2eedd7e8f9b013c3c) ===
C1 md5 c11c2fe1cdd4f5c2eedd7e8f9b013c3c -> C:\Users\santiago\AppData\Local\Temp\e8_2026-09-15_12-28-36\wf.json
  importado y publicado; reiniciando n8n...
  [OK] versi¢n activa con el prompt de C1 y webhook registrado

=== Env¡o ===
  [ 25/150] HTTP 200  65 ms
  [ 50/150] HTTP 200  64 ms
  [ 75/150] HTTP 200  63 ms
  [100/150] HTTP 200  66 ms
  [125/150] HTTP 200  64 ms
  [150/150] HTTP 200  62 ms

=== Conciliaci¢n ===
  HTTP 200 ............ 150 de 150
  filas en interactions 150
  ejecuciones ......... 150 (‚xito 150; con el prompt de C1 150; con otro prompt 0)
  errores ............. 0 (fuera de vocabulario 0; otros 0)

  Bloque C1_R3 v lido.

E8 completo. Workflow vigente: C1. Siguiente paso: python analizar_e8.py
EXIT=0
